[www.nytimes.com/2022/11/04/dining/ai-thanksgiving-menu.html]
[www.nytimes.com/2022/12/06/opinion/chatgpt-ai-skilled-jobs-automation.html]
[www.nytimes.com/2022/10/21/technology/ai-generated-art-jobs-dall-e-2.html]
[backblue.gif]
[fade.gif]
[index.html]
[static01.nyt.com/images/2022/11/09/dining/09ai-thanksgiving1/04ai-thanksgiving1-facebookJumbo.jpg]
[static01.nyt.com/images/2022/11/09/dining/09ai-thanksgiving1/09ai-thanksgiving1-videoSixteenByNine3000-v2.jpg]
[www.nytimes.com/2022/11/04/dining/window.6.delayed]
[www.nytimes.com/vi-assets/static-assets/apple-touch-icon-28865b72953380a40aa43318108876cb.png]
[www.nytimes.com/vi-assets/static-assets/ios-ipad-144x144-28865b72953380a40aa43318108876cb.png]
[www.nytimes.com/vi-assets/static-assets/ios-iphone-114x144-080e7ec6514fdc62bcbb7966d9b257d2.png]
[www.nytimes.com/vi-assets/static-assets/ios-default-homescreen-57x57-43808a4cd5333b648057a01624d84960.png]
[g1.nyt.com/fonts/css/web-fonts.d05a02583ca20b8afd5115f3ef8f1b8d134f743d.css]
[www.nytimes.com/vi-assets/static-assets/global-f449cfd9976ad673ef2b7ab5098b85be.css]
[www.nytimes.com/2022/11/04/dining/POST.d.delayed]
[www.nytimes.com/vi-assets/static-assets/adslot-b039d7cfeb561fc95e36.js]
[www.nytimes.com/2022/11/04/dining/GET.f.delayed]
[rumcdn.geoedge.be/b3960cc6-bfd2-4adc-910c-6e917e8a6a0e/grumi-ip.js]
[www.nytimes.com/ads/prebid6.8.0.js]
[a-reporting.nytimes.com/report.jpg]
[static01.nyt.com/images/2022/11/09/dining/09ai-thanksgiving1/04ai-thanksgiving1-mobileMasterAt3x85c6.jpg]
[static01.nyt.com/images/2022/11/09/dining/09ai-thanksgiving1/04ai-thanksgiving1-mobileMasterAt3x89e3.jpg]
[static01.nyt.com/images/2022/11/09/dining/09ai-thanksgiving1/04ai-thanksgiving1-mobileMasterAt3x5f2b.jpg]
[c.amazon-adsystem.com/aax2/apstag.js]
[static01.nyt.com/images/2022/11/09/dining/09ai-thanksgiving1/04ai-thanksgiving1-articleLarge0c5d.jpg]
[static01.nyt.com/newsgraphics/2020/11/23/column-push-notifications/2604b055b2984d7346bdac74a287d54986a8209d/style.css]
[static01.nyt.com/newsgraphics/2020/11/23/column-push-notifications/2604b055b2984d7346bdac74a287d54986a8209d/build.js]
[www.nytimes.com/vi-assets/static-assets/vendor-08c1b617cd319b136ad1.js]
[www.nytimes.com/vi-assets/static-assets/story-f2535c20ef7eb1e32d2f.js]
[www.nytimes.com/vi-assets/static-assets/main-1ebb6ea1104a12a81beb.js]
[www.googletagmanager.com/gtm8ba5.js]
[www.nytimes.com/2022/11/04/dining/ai-thanksgiving-menu.html]
[static01.nyt.com/images/2022/12/06/opinion/06krugman-newsletter-image/06krugman-newsletter-image-facebookJumbo.jpg]
[static01.nyt.com/images/2022/12/06/opinion/06krugman-newsletter-image/06krugman-newsletter-image-videoSixteenByNineJumbo1600.jpg]
[www.nytimes.com/2022/12/06/opinion/window.21.delayed]
[www.nytimes.com/2022/12/06/opinion/POST.22.delayed]
[www.nytimes.com/2022/12/06/opinion/GET.23.delayed]
[static01.nyt.com/images/2022/12/06/opinion/06krugman-newsletter-image/06krugman-newsletter-image-mobileMasterAt3x85c6.jpg]
[static01.nyt.com/images/2022/12/06/opinion/06krugman-newsletter-image/06krugman-newsletter-image-mobileMasterAt3x89e3.jpg]
[static01.nyt.com/images/2022/12/06/opinion/06krugman-newsletter-image/06krugman-newsletter-image-mobileMasterAt3x5f2b.jpg]
[static01.nyt.com/images/2022/12/06/opinion/06krugman-newsletter-image/06krugman-newsletter-image-articleLarge0c5d.jpg]
[static01.nyt.com/images/2018/04/02/opinion/paul-krugman/paul-krugman-thumbLarge.png]
[www.bls.gov/productivity/images/pfei.png]
[www.nytimes.com/vi-assets/static-assets/opinion-46d43633337f6035ab74.js]
[www.nytimes.com/2022/12/06/opinion/chatgpt-ai-skilled-jobs-automation.html]
[static01.nyt.com/images/2022/10/22/business/21roose-ai-jobs1-print/21roose-ai-jobs-top-facebookJumbo.jpg]
[static01.nyt.com/images/2022/10/22/business/21roose-ai-jobs1-print/21roose-ai-jobs-top-videoSixteenByNineJumbo1600.jpg]
[www.nytimes.com/2022/10/21/technology/window.2e.delayed]
[www.nytimes.com/2022/10/21/technology/POST.2f.delayed]
[www.nytimes.com/2022/10/21/technology/GET.30.delayed]
[static01.nyt.com/images/2022/10/22/business/21roose-ai-jobs1-print/merlin_215202027_9f0b8bc7-353f-4388-9a29-45fa5705949d-mobileMasterAt3x85c6.jpg]
[static01.nyt.com/images/2022/10/22/business/21roose-ai-jobs1-print/merlin_215202027_9f0b8bc7-353f-4388-9a29-45fa5705949d-mobileMasterAt3x89e3.jpg]
[static01.nyt.com/images/2022/10/22/business/21roose-ai-jobs1-print/merlin_215202027_9f0b8bc7-353f-4388-9a29-45fa5705949d-mobileMasterAt3x5f2b.jpg]
[static01.nyt.com/images/2022/10/22/business/21roose-ai-jobs1-print/merlin_215202027_9f0b8bc7-353f-4388-9a29-45fa5705949d-articleLarge0c5d.jpg]
[static01.nyt.com/images/2018/02/20/multimedia/author-kevin-roose/author-kevin-roose-thumbLarge-v2.png]
[static01.nyt.com/images/2022/09/28/podcasts/hard-fork-album-art/hard-fork-album-art-thumbLarge-v2.png]
[www.nytimes.com/2022/10/21/technology/ai-generated-art-jobs-dall-e-2.html]
[www.nytimes.com/2022/11/04/dining/window.html]
[g1.nyt.com/fonts/css/web-fonts.d05a02583ca20b8afd5115f3ef8f1b8d134f743d.css]
[www.nytimes.com/vi-assets/static-assets/global-f449cfd9976ad673ef2b7ab5098b85be.css]
[www.nytimes.com/2022/11/04/dining/POST.html]
[www.nytimes.com/2022/11/04/dining/GET.html]
[static01.nyt.com/newsgraphics/2020/11/23/column-push-notifications/2604b055b2984d7346bdac74a287d54986a8209d/style.css]
[www.nytimes.com/2022/12/06/opinion/window.html]
[www.nytimes.com/2022/12/06/opinion/POST.html]
[www.nytimes.com/2022/12/06/opinion/GET.html]
[www.nytimes.com/2022/10/21/technology/window.html]
[www.nytimes.com/2022/10/21/technology/POST.html]
[www.nytimes.com/2022/10/21/technology/GET.html]
[www.nytimes.com/vi-assets/static-assets/liveAsset-d8d59d51bfa8b4284715.js]
